2026-04-17 23:42:53,137 - src.utils.kingdee_sync_tool - INFO - 日志系统初始化完成
2026-04-17 23:42:53,137 - src.utils.kingdee_sync_tool - INFO - ============================================================
2026-04-17 23:42:53,138 - src.utils.kingdee_sync_tool - INFO - === 启动金蝶数据同步工具 (代码版本: v20260120_Fix_Login_Loop) ===
2026-04-17 23:42:53,141 - src.utils.kingdee_sync_tool - INFO - 所有依赖项检查通过
2026-04-17 23:42:53,189 - src.utils.kingdee_sync_tool - INFO - 应用程序样式设置完成
2026-04-17 23:42:53,268 - src.utils.kingdee_sync_tool - INFO - 配置文件加载完成
2026-04-17 23:42:53,815 - src.utils.kingdee_sync_tool - INFO - 主窗口已显示: isVisible=True, geometry=PySide6.QtCore.QRect(0, 0, 1460, 820)
2026-04-17 23:43:08,601 - src.utils.kingdee_sync_tool - INFO - 应用程序退出，退出码: 0
2026-04-17 23:43:08,605 - src.utils.kingdee_sync_tool - INFO - 数据库连接已关闭
2026-04-17 23:43:08,606 - src.core.kingdee_api - INFO - 会话心跳已停止
2026-04-17 23:43:08,607 - src.utils.kingdee_sync_tool - INFO - 根据配置已跳过自动登出，仅停止心跳
2026-04-17 23:43:08,608 - src.utils.kingdee_sync_tool - INFO - 程序清理完成
2026-04-17 23:50:02,239 - src.utils.kingdee_sync_tool - INFO - 日志系统初始化完成
2026-04-17 23:50:02,239 - src.utils.kingdee_sync_tool - INFO - ============================================================
2026-04-17 23:50:02,240 - src.utils.kingdee_sync_tool - INFO - === 启动金蝶数据同步工具 (代码版本: v20260120_Fix_Login_Loop) ===
2026-04-17 23:50:02,242 - src.utils.kingdee_sync_tool - INFO - 所有依赖项检查通过
2026-04-17 23:50:02,290 - src.utils.kingdee_sync_tool - INFO - 应用程序样式设置完成
2026-04-17 23:50:02,359 - src.utils.kingdee_sync_tool - INFO - 配置文件加载完成
2026-04-17 23:50:02,890 - src.utils.kingdee_sync_tool - INFO - 主窗口已显示: isVisible=True, geometry=PySide6.QtCore.QRect(0, 0, 1460, 820)
2026-04-17 23:50:23,011 - src.utils.kingdee_sync_tool - INFO - 应用程序退出，退出码: 0
2026-04-17 23:50:23,015 - src.utils.kingdee_sync_tool - INFO - 数据库连接已关闭
2026-04-17 23:50:23,016 - src.core.kingdee_api - INFO - 会话心跳已停止
2026-04-17 23:50:23,017 - src.utils.kingdee_sync_tool - INFO - 根据配置已跳过自动登出，仅停止心跳
2026-04-17 23:50:23,017 - src.utils.kingdee_sync_tool - INFO - 程序清理完成
2026-04-17 23:56:00,484 - src.utils.kingdee_sync_tool - INFO - 日志系统初始化完成
2026-04-17 23:56:00,485 - src.utils.kingdee_sync_tool - INFO - ============================================================
2026-04-17 23:56:00,486 - src.utils.kingdee_sync_tool - INFO - === 启动金蝶数据同步工具 (代码版本: v20260120_Fix_Login_Loop) ===
2026-04-17 23:56:00,488 - src.utils.kingdee_sync_tool - INFO - 所有依赖项检查通过
2026-04-17 23:56:00,549 - src.utils.kingdee_sync_tool - INFO - 应用程序样式设置完成
2026-04-17 23:56:00,626 - src.utils.kingdee_sync_tool - INFO - 配置文件加载完成
2026-04-17 23:56:01,151 - src.utils.kingdee_sync_tool - INFO - 主窗口已显示: isVisible=True, geometry=PySide6.QtCore.QRect(0, 0, 1460, 820)
2026-04-17 23:56:21,385 - src.utils.kingdee_sync_tool - INFO - 应用程序退出，退出码: 0
2026-04-17 23:56:21,388 - src.utils.kingdee_sync_tool - INFO - 数据库连接已关闭
2026-04-17 23:56:21,390 - src.core.kingdee_api - INFO - 会话心跳已停止
2026-04-17 23:56:21,390 - src.utils.kingdee_sync_tool - INFO - 根据配置已跳过自动登出，仅停止心跳
2026-04-17 23:56:21,391 - src.utils.kingdee_sync_tool - INFO - 程序清理完成
2026-04-18 00:03:02,461 - src.utils.kingdee_sync_tool - INFO - 日志系统初始化完成
2026-04-18 00:03:02,461 - src.utils.kingdee_sync_tool - INFO - ============================================================
2026-04-18 00:03:02,462 - src.utils.kingdee_sync_tool - INFO - === 启动金蝶数据同步工具 (代码版本: v20260120_Fix_Login_Loop) ===
2026-04-18 00:03:02,464 - src.utils.kingdee_sync_tool - INFO - 所有依赖项检查通过
2026-04-18 00:03:02,511 - src.utils.kingdee_sync_tool - INFO - 应用程序样式设置完成
2026-04-18 00:03:02,583 - src.utils.kingdee_sync_tool - INFO - 配置文件加载完成
2026-04-18 00:03:03,100 - src.utils.kingdee_sync_tool - INFO - 主窗口已显示: isVisible=True, geometry=PySide6.QtCore.QRect(0, 0, 1460, 820)
2026-04-18 00:03:06,611 - src.utils.kingdee_sync_tool - INFO - 应用程序退出，退出码: 0
2026-04-18 00:03:06,615 - src.utils.kingdee_sync_tool - INFO - 数据库连接已关闭
2026-04-18 00:03:06,616 - src.core.kingdee_api - INFO - 会话心跳已停止
2026-04-18 00:03:06,617 - src.utils.kingdee_sync_tool - INFO - 根据配置已跳过自动登出，仅停止心跳
2026-04-18 00:03:06,618 - src.utils.kingdee_sync_tool - INFO - 程序清理完成
2026-04-18 00:17:23,115 - src.utils.kingdee_sync_tool - INFO - 日志系统初始化完成
2026-04-18 00:17:23,116 - src.utils.kingdee_sync_tool - INFO - ============================================================
2026-04-18 00:17:23,116 - src.utils.kingdee_sync_tool - INFO - === 启动金蝶数据同步工具 (代码版本: v20260120_Fix_Login_Loop) ===
2026-04-18 00:17:23,120 - src.utils.kingdee_sync_tool - INFO - 所有依赖项检查通过
2026-04-18 00:17:23,167 - src.utils.kingdee_sync_tool - INFO - 应用程序样式设置完成
2026-04-18 00:17:23,237 - src.utils.kingdee_sync_tool - INFO - 配置文件加载完成
2026-04-18 00:17:23,771 - src.utils.kingdee_sync_tool - INFO - 主窗口已显示: isVisible=True, geometry=PySide6.QtCore.QRect(0, 0, 1460, 820)
2026-04-18 00:17:31,390 - src.utils.kingdee_sync_tool - INFO - 应用程序退出，退出码: 0
2026-04-18 00:17:31,394 - src.utils.kingdee_sync_tool - INFO - 数据库连接已关闭
2026-04-18 00:17:31,395 - src.core.kingdee_api - INFO - 会话心跳已停止
2026-04-18 00:17:31,396 - src.utils.kingdee_sync_tool - INFO - 根据配置已跳过自动登出，仅停止心跳
2026-04-18 00:17:31,396 - src.utils.kingdee_sync_tool - INFO - 程序清理完成
2026-04-18 00:25:42,004 - src.utils.kingdee_sync_tool - INFO - 日志系统初始化完成
2026-04-18 00:25:42,005 - src.utils.kingdee_sync_tool - INFO - ============================================================
2026-04-18 00:25:42,005 - src.utils.kingdee_sync_tool - INFO - === 启动金蝶数据同步工具 (代码版本: v20260120_Fix_Login_Loop) ===
2026-04-18 00:25:42,009 - src.utils.kingdee_sync_tool - INFO - 所有依赖项检查通过
2026-04-18 00:25:42,059 - src.utils.kingdee_sync_tool - INFO - 应用程序样式设置完成
2026-04-18 00:25:42,129 - src.utils.kingdee_sync_tool - INFO - 配置文件加载完成
2026-04-18 00:25:42,664 - src.utils.kingdee_sync_tool - INFO - 主窗口已显示: isVisible=True, geometry=PySide6.QtCore.QRect(0, 0, 1460, 820)
2026-04-18 00:25:59,303 - src.utils.kingdee_sync_tool - INFO - 应用程序退出，退出码: 0
2026-04-18 00:25:59,307 - src.utils.kingdee_sync_tool - INFO - 数据库连接已关闭
2026-04-18 00:25:59,308 - src.core.kingdee_api - INFO - 会话心跳已停止
2026-04-18 00:25:59,309 - src.utils.kingdee_sync_tool - INFO - 根据配置已跳过自动登出，仅停止心跳
2026-04-18 00:25:59,310 - src.utils.kingdee_sync_tool - INFO - 程序清理完成
2026-04-18 00:26:02,795 - src.utils.kingdee_sync_tool - INFO - 日志系统初始化完成
2026-04-18 00:26:02,795 - src.utils.kingdee_sync_tool - INFO - ============================================================
2026-04-18 00:26:02,796 - src.utils.kingdee_sync_tool - INFO - === 启动金蝶数据同步工具 (代码版本: v20260120_Fix_Login_Loop) ===
2026-04-18 00:26:02,799 - src.utils.kingdee_sync_tool - INFO - 所有依赖项检查通过
2026-04-18 00:26:02,845 - src.utils.kingdee_sync_tool - INFO - 应用程序样式设置完成
2026-04-18 00:26:02,923 - src.utils.kingdee_sync_tool - INFO - 配置文件加载完成
2026-04-18 00:26:03,456 - src.utils.kingdee_sync_tool - INFO - 主窗口已显示: isVisible=True, geometry=PySide6.QtCore.QRect(0, 0, 1460, 820)
2026-04-18 00:26:07,293 - src.utils.kingdee_sync_tool - INFO - 应用程序退出，退出码: 0
2026-04-18 00:26:07,296 - src.utils.kingdee_sync_tool - INFO - 数据库连接已关闭
2026-04-18 00:26:07,298 - src.core.kingdee_api - INFO - 会话心跳已停止
2026-04-18 00:26:07,298 - src.utils.kingdee_sync_tool - INFO - 根据配置已跳过自动登出，仅停止心跳
2026-04-18 00:26:07,299 - src.utils.kingdee_sync_tool - INFO - 程序清理完成
2026-04-18 01:07:34,288 - src.utils.kingdee_sync_tool - INFO - 日志系统初始化完成
2026-04-18 01:07:34,289 - src.utils.kingdee_sync_tool - INFO - ============================================================
2026-04-18 01:07:34,289 - src.utils.kingdee_sync_tool - INFO - === 启动金蝶数据同步工具 (代码版本: v20260120_Fix_Login_Loop) ===
2026-04-18 01:07:34,292 - src.utils.kingdee_sync_tool - INFO - 所有依赖项检查通过
2026-04-18 01:07:34,339 - src.utils.kingdee_sync_tool - INFO - 应用程序样式设置完成
2026-04-18 01:07:34,408 - src.utils.kingdee_sync_tool - INFO - 配置文件加载完成
2026-04-18 01:07:34,958 - src.utils.kingdee_sync_tool - INFO - 主窗口已显示: isVisible=True, geometry=PySide6.QtCore.QRect(0, 0, 1460, 820)
2026-04-18 01:07:58,846 - src.utils.kingdee_sync_tool - INFO - 应用程序退出，退出码: 0
2026-04-18 01:07:58,850 - src.utils.kingdee_sync_tool - INFO - 数据库连接已关闭
2026-04-18 01:07:58,852 - src.core.kingdee_api - INFO - 会话心跳已停止
2026-04-18 01:07:58,852 - src.utils.kingdee_sync_tool - INFO - 根据配置已跳过自动登出，仅停止心跳
2026-04-18 01:07:58,853 - src.utils.kingdee_sync_tool - INFO - 程序清理完成
2026-04-18 01:43:15,217 - src.utils.kingdee_sync_tool - INFO - 日志系统初始化完成
2026-04-18 01:43:15,217 - src.utils.kingdee_sync_tool - INFO - ============================================================
2026-04-18 01:43:15,218 - src.utils.kingdee_sync_tool - INFO - === 启动金蝶数据同步工具 (代码版本: v20260120_Fix_Login_Loop) ===
2026-04-18 01:43:15,221 - src.utils.kingdee_sync_tool - INFO - 所有依赖项检查通过
2026-04-18 01:43:15,270 - src.utils.kingdee_sync_tool - INFO - 应用程序样式设置完成
2026-04-18 01:43:15,343 - src.utils.kingdee_sync_tool - INFO - 配置文件加载完成
2026-04-18 01:43:15,913 - src.utils.kingdee_sync_tool - INFO - 主窗口已显示: isVisible=True, geometry=PySide6.QtCore.QRect(0, 0, 1460, 820)
2026-04-18 01:43:29,534 - src.utils.kingdee_sync_tool - INFO - 应用程序退出，退出码: 0
2026-04-18 01:43:29,538 - src.utils.kingdee_sync_tool - INFO - 数据库连接已关闭
2026-04-18 01:43:29,539 - src.core.kingdee_api - INFO - 会话心跳已停止
2026-04-18 01:43:29,540 - src.utils.kingdee_sync_tool - INFO - 根据配置已跳过自动登出，仅停止心跳
2026-04-18 01:43:29,541 - src.utils.kingdee_sync_tool - INFO - 程序清理完成
2026-04-18 01:59:44,652 - src.utils.kingdee_sync_tool - INFO - 日志系统初始化完成
2026-04-18 01:59:44,652 - src.utils.kingdee_sync_tool - INFO - ============================================================
2026-04-18 01:59:44,653 - src.utils.kingdee_sync_tool - INFO - === 启动金蝶数据同步工具 (代码版本: v20260120_Fix_Login_Loop) ===
2026-04-18 01:59:44,656 - src.utils.kingdee_sync_tool - INFO - 所有依赖项检查通过
2026-04-18 01:59:44,703 - src.utils.kingdee_sync_tool - INFO - 应用程序样式设置完成
2026-04-18 01:59:44,779 - src.utils.kingdee_sync_tool - INFO - 配置文件加载完成
2026-04-18 01:59:45,349 - src.utils.kingdee_sync_tool - INFO - 主窗口已显示: isVisible=True, geometry=PySide6.QtCore.QRect(0, 0, 1460, 820)
2026-04-18 02:00:05,579 - src.utils.kingdee_sync_tool - INFO - 应用程序退出，退出码: 0
2026-04-18 02:00:05,582 - src.utils.kingdee_sync_tool - INFO - 数据库连接已关闭
2026-04-18 02:00:05,583 - src.core.kingdee_api - INFO - 会话心跳已停止
2026-04-18 02:00:05,584 - src.utils.kingdee_sync_tool - INFO - 根据配置已跳过自动登出，仅停止心跳
2026-04-18 02:00:05,585 - src.utils.kingdee_sync_tool - INFO - 程序清理完成
2026-04-18 02:26:20,347 - src.utils.kingdee_sync_tool - INFO - 日志系统初始化完成
2026-04-18 02:26:20,347 - src.utils.kingdee_sync_tool - INFO - ============================================================
2026-04-18 02:26:20,348 - src.utils.kingdee_sync_tool - INFO - === 启动金蝶数据同步工具 (代码版本: v20260120_Fix_Login_Loop) ===
2026-04-18 02:26:20,351 - src.utils.kingdee_sync_tool - INFO - 所有依赖项检查通过
2026-04-18 02:26:20,405 - src.utils.kingdee_sync_tool - INFO - 应用程序样式设置完成
2026-04-18 02:26:20,487 - src.utils.kingdee_sync_tool - INFO - 配置文件加载完成
2026-04-18 02:26:22,778 - src.utils.kingdee_sync_tool - INFO - 主窗口已显示: isVisible=True, geometry=PySide6.QtCore.QRect(0, 0, 1460, 820)
2026-04-18 02:26:43,601 - src.utils.kingdee_sync_tool - INFO - 应用程序退出，退出码: 0
2026-04-18 02:26:43,604 - src.utils.kingdee_sync_tool - INFO - 数据库连接已关闭
2026-04-18 02:26:43,605 - src.core.kingdee_api - INFO - 会话心跳已停止
2026-04-18 02:26:43,606 - src.utils.kingdee_sync_tool - INFO - 根据配置已跳过自动登出，仅停止心跳
2026-04-18 02:26:43,607 - src.utils.kingdee_sync_tool - INFO - 程序清理完成
2026-04-18 08:45:43,681 - src.utils.kingdee_sync_tool - INFO - 日志系统初始化完成
2026-04-18 08:45:43,681 - src.utils.kingdee_sync_tool - INFO - ============================================================
2026-04-18 08:45:43,682 - src.utils.kingdee_sync_tool - INFO - === 启动金蝶数据同步工具 (代码版本: v20260120_Fix_Login_Loop) ===
2026-04-18 08:45:43,684 - src.utils.kingdee_sync_tool - INFO - 所有依赖项检查通过
2026-04-18 08:45:43,736 - src.utils.kingdee_sync_tool - INFO - 应用程序样式设置完成
2026-04-18 08:45:43,825 - src.core.mysql_manager - WARNING - Recovered 1 stale running sync run(s)
2026-04-18 08:45:43,825 - src.utils.kingdee_sync_tool - WARNING - Recovered 1 stale running sync run(s) during startup
2026-04-18 08:45:43,827 - src.utils.kingdee_sync_tool - INFO - 配置文件加载完成
2026-04-18 08:45:47,025 - src.utils.kingdee_sync_tool - INFO - 主窗口已显示: isVisible=True, geometry=PySide6.QtCore.QRect(0, 0, 1460, 820)
2026-04-18 08:45:59,049 - src.utils.kingdee_sync_tool - INFO - 应用程序退出，退出码: 0
2026-04-18 08:45:59,052 - src.utils.kingdee_sync_tool - INFO - 数据库连接已关闭
2026-04-18 08:45:59,054 - src.core.kingdee_api - INFO - 会话心跳已停止
2026-04-18 08:45:59,054 - src.utils.kingdee_sync_tool - INFO - 根据配置已跳过自动登出，仅停止心跳
2026-04-18 08:45:59,056 - src.utils.kingdee_sync_tool - INFO - 程序清理完成
2026-04-18 08:47:23,903 - src.utils.kingdee_sync_tool - INFO - 日志系统初始化完成
2026-04-18 08:47:23,904 - src.utils.kingdee_sync_tool - INFO - ============================================================
2026-04-18 08:47:23,904 - src.utils.kingdee_sync_tool - INFO - === 启动金蝶数据同步工具 (代码版本: v20260120_Fix_Login_Loop) ===
2026-04-18 08:47:23,908 - src.utils.kingdee_sync_tool - INFO - 所有依赖项检查通过
2026-04-18 08:47:23,957 - src.utils.kingdee_sync_tool - INFO - 应用程序样式设置完成
2026-04-18 08:47:24,036 - src.utils.kingdee_sync_tool - INFO - 配置文件加载完成
2026-04-18 08:47:26,969 - src.utils.kingdee_sync_tool - INFO - 主窗口已显示: isVisible=True, geometry=PySide6.QtCore.QRect(0, 0, 1460, 820)
2026-04-18 08:55:04,414 - src.utils.kingdee_sync_tool - INFO - 应用程序退出，退出码: 0
2026-04-18 08:55:04,417 - src.utils.kingdee_sync_tool - INFO - 数据库连接已关闭
2026-04-18 08:55:04,418 - src.core.kingdee_api - INFO - 会话心跳已停止
2026-04-18 08:55:04,419 - src.utils.kingdee_sync_tool - INFO - 根据配置已跳过自动登出，仅停止心跳
2026-04-18 08:55:04,419 - src.utils.kingdee_sync_tool - INFO - 程序清理完成
2026-04-18 09:27:40,344 - src.utils.kingdee_sync_tool - INFO - 日志系统初始化完成
2026-04-18 09:27:40,345 - src.utils.kingdee_sync_tool - INFO - ============================================================
2026-04-18 09:27:40,345 - src.utils.kingdee_sync_tool - INFO - === 启动金蝶数据同步工具 (代码版本: v20260120_Fix_Login_Loop) ===
2026-04-18 09:27:40,348 - src.utils.kingdee_sync_tool - INFO - 所有依赖项检查通过
2026-04-18 09:27:40,397 - src.utils.kingdee_sync_tool - INFO - 应用程序样式设置完成
2026-04-18 09:27:40,483 - src.utils.kingdee_sync_tool - INFO - 配置文件加载完成
2026-04-18 09:27:43,632 - src.utils.kingdee_sync_tool - INFO - 主窗口已显示: isVisible=True, geometry=PySide6.QtCore.QRect(230, 75, 1460, 820)
2026-04-18 09:28:01,472 - src.utils.kingdee_sync_tool - INFO - 应用程序退出，退出码: 0
2026-04-18 09:28:01,475 - src.utils.kingdee_sync_tool - INFO - 数据库连接已关闭
2026-04-18 09:28:01,476 - src.core.kingdee_api - INFO - 会话心跳已停止
2026-04-18 09:28:01,477 - src.utils.kingdee_sync_tool - INFO - 根据配置已跳过自动登出，仅停止心跳
2026-04-18 09:28:01,478 - src.utils.kingdee_sync_tool - INFO - 程序清理完成
2026-04-18 09:28:04,513 - src.utils.kingdee_sync_tool - INFO - 日志系统初始化完成
2026-04-18 09:28:04,513 - src.utils.kingdee_sync_tool - INFO - ============================================================
2026-04-18 09:28:04,514 - src.utils.kingdee_sync_tool - INFO - === 启动金蝶数据同步工具 (代码版本: v20260120_Fix_Login_Loop) ===
2026-04-18 09:28:04,516 - src.utils.kingdee_sync_tool - INFO - 所有依赖项检查通过
2026-04-18 09:28:04,566 - src.utils.kingdee_sync_tool - INFO - 应用程序样式设置完成
2026-04-18 09:28:04,648 - src.utils.kingdee_sync_tool - INFO - 配置文件加载完成
2026-04-18 09:28:07,682 - src.utils.kingdee_sync_tool - INFO - 主窗口已显示: isVisible=True, geometry=PySide6.QtCore.QRect(230, 75, 1460, 820)
2026-04-18 09:49:21,886 - src.utils.kingdee_sync_tool - INFO - 应用程序退出，退出码: 0
2026-04-18 09:49:21,889 - src.utils.kingdee_sync_tool - INFO - 数据库连接已关闭
2026-04-18 09:49:21,891 - src.core.kingdee_api - INFO - 会话心跳已停止
2026-04-18 09:49:21,892 - src.utils.kingdee_sync_tool - INFO - 根据配置已跳过自动登出，仅停止心跳
2026-04-18 09:49:21,892 - src.utils.kingdee_sync_tool - INFO - 程序清理完成
2026-04-18 09:49:27,457 - src.utils.kingdee_sync_tool - INFO - 日志系统初始化完成
2026-04-18 09:49:27,458 - src.utils.kingdee_sync_tool - INFO - ============================================================
2026-04-18 09:49:27,458 - src.utils.kingdee_sync_tool - INFO - === 启动金蝶数据同步工具 (代码版本: v20260120_Fix_Login_Loop) ===
2026-04-18 09:49:27,462 - src.utils.kingdee_sync_tool - INFO - 所有依赖项检查通过
2026-04-18 09:49:27,515 - src.utils.kingdee_sync_tool - INFO - 应用程序样式设置完成
2026-04-18 09:49:27,599 - src.utils.kingdee_sync_tool - INFO - 配置文件加载完成
2026-04-18 09:49:30,558 - src.utils.kingdee_sync_tool - INFO - 主窗口已显示: isVisible=True, geometry=PySide6.QtCore.QRect(230, 75, 1460, 820)
2026-04-18 09:50:01,406 - src.utils.kingdee_sync_tool - INFO - 应用程序退出，退出码: 0
2026-04-18 09:50:01,411 - src.utils.kingdee_sync_tool - INFO - 数据库连接已关闭
2026-04-18 09:50:01,412 - src.core.kingdee_api - INFO - 会话心跳已停止
2026-04-18 09:50:01,413 - src.utils.kingdee_sync_tool - INFO - 根据配置已跳过自动登出，仅停止心跳
2026-04-18 09:50:01,414 - src.utils.kingdee_sync_tool - INFO - 程序清理完成
2026-04-18 10:02:07,807 - src.utils.kingdee_sync_tool - INFO - 日志系统初始化完成
2026-04-18 10:02:07,808 - src.utils.kingdee_sync_tool - INFO - ============================================================
2026-04-18 10:02:07,808 - src.utils.kingdee_sync_tool - INFO - === 启动金蝶数据同步工具 (代码版本: v20260120_Fix_Login_Loop) ===
2026-04-18 10:02:07,811 - src.utils.kingdee_sync_tool - INFO - 所有依赖项检查通过
2026-04-18 10:02:07,862 - src.utils.kingdee_sync_tool - INFO - 应用程序样式设置完成
2026-04-18 10:02:07,944 - src.utils.kingdee_sync_tool - INFO - 配置文件加载完成
2026-04-18 10:02:10,908 - src.utils.kingdee_sync_tool - INFO - 主窗口已显示: isVisible=True, geometry=PySide6.QtCore.QRect(230, 75, 1460, 820)
2026-04-18 10:02:30,855 - src.utils.kingdee_sync_tool - INFO - 应用程序退出，退出码: 0
2026-04-18 10:02:30,858 - src.utils.kingdee_sync_tool - INFO - 数据库连接已关闭
2026-04-18 10:02:30,859 - src.core.kingdee_api - INFO - 会话心跳已停止
2026-04-18 10:02:30,860 - src.utils.kingdee_sync_tool - INFO - 根据配置已跳过自动登出，仅停止心跳
2026-04-18 10:02:30,861 - src.utils.kingdee_sync_tool - INFO - 程序清理完成
2026-04-18 10:27:29,499 - src.utils.kingdee_sync_tool - INFO - 日志系统初始化完成
2026-04-18 10:27:29,500 - src.utils.kingdee_sync_tool - INFO - ============================================================
2026-04-18 10:27:29,500 - src.utils.kingdee_sync_tool - INFO - === 启动金蝶数据同步工具 (代码版本: v20260120_Fix_Login_Loop) ===
2026-04-18 10:27:29,503 - src.utils.kingdee_sync_tool - INFO - 所有依赖项检查通过
2026-04-18 10:27:29,555 - src.utils.kingdee_sync_tool - INFO - 应用程序样式设置完成
2026-04-18 10:27:29,656 - src.utils.kingdee_sync_tool - INFO - 配置文件加载完成
2026-04-18 10:27:32,671 - src.utils.kingdee_sync_tool - INFO - 主窗口已显示: isVisible=True, geometry=PySide6.QtCore.QRect(230, 75, 1460, 820)
2026-04-18 10:32:08,962 - src.utils.kingdee_sync_tool - INFO - 应用程序退出，退出码: 0
2026-04-18 10:32:08,965 - src.utils.kingdee_sync_tool - INFO - 数据库连接已关闭
2026-04-18 10:32:08,967 - src.core.kingdee_api - INFO - 会话心跳已停止
2026-04-18 10:32:08,968 - src.utils.kingdee_sync_tool - INFO - 根据配置已跳过自动登出，仅停止心跳
2026-04-18 10:32:08,970 - src.utils.kingdee_sync_tool - INFO - 程序清理完成
2026-04-18 12:39:42,521 - src.utils.kingdee_sync_tool - INFO - 日志系统初始化完成
2026-04-18 12:39:42,522 - src.utils.kingdee_sync_tool - INFO - ============================================================
2026-04-18 12:39:42,522 - src.utils.kingdee_sync_tool - INFO - === 启动金蝶数据同步工具 (代码版本: v20260120_Fix_Login_Loop) ===
2026-04-18 12:39:42,525 - src.utils.kingdee_sync_tool - INFO - 所有依赖项检查通过
2026-04-18 12:39:42,576 - src.utils.kingdee_sync_tool - INFO - 应用程序样式设置完成
2026-04-18 12:39:42,659 - src.core.mysql_manager - WARNING - Recovered 1 stale running sync run(s)
2026-04-18 12:39:42,660 - src.utils.kingdee_sync_tool - WARNING - Recovered 1 stale running sync run(s) during startup
2026-04-18 12:39:42,661 - src.utils.kingdee_sync_tool - INFO - 配置文件加载完成
2026-04-18 12:39:45,809 - src.utils.kingdee_sync_tool - INFO - 主窗口已显示: isVisible=True, geometry=PySide6.QtCore.QRect(230, 75, 1460, 820)
2026-04-18 12:45:01,754 - src.utils.kingdee_sync_tool - INFO - 应用程序退出，退出码: 0
2026-04-18 12:45:01,758 - src.utils.kingdee_sync_tool - INFO - 数据库连接已关闭
2026-04-18 12:45:01,759 - src.core.kingdee_api - INFO - 会话心跳已停止
2026-04-18 12:45:01,760 - src.utils.kingdee_sync_tool - INFO - 根据配置已跳过自动登出，仅停止心跳
2026-04-18 12:45:01,761 - src.utils.kingdee_sync_tool - INFO - 程序清理完成
2026-04-18 12:45:03,990 - src.utils.kingdee_sync_tool - INFO - 日志系统初始化完成
2026-04-18 12:45:03,992 - src.utils.kingdee_sync_tool - INFO - ============================================================
2026-04-18 12:45:03,993 - src.utils.kingdee_sync_tool - INFO - === 启动金蝶数据同步工具 (代码版本: v20260120_Fix_Login_Loop) ===
2026-04-18 12:45:03,996 - src.utils.kingdee_sync_tool - INFO - 所有依赖项检查通过
2026-04-18 12:45:04,046 - src.utils.kingdee_sync_tool - INFO - 应用程序样式设置完成
2026-04-18 12:45:04,118 - src.utils.kingdee_sync_tool - INFO - 配置文件加载完成
2026-04-18 12:45:07,004 - src.utils.kingdee_sync_tool - INFO - 主窗口已显示: isVisible=True, geometry=PySide6.QtCore.QRect(230, 75, 1460, 820)
2026-04-18 12:49:24,590 - src.utils.kingdee_sync_tool - INFO - 应用程序退出，退出码: 0
2026-04-18 12:49:24,593 - src.utils.kingdee_sync_tool - INFO - 数据库连接已关闭
2026-04-18 12:49:24,594 - src.core.kingdee_api - INFO - 会话心跳已停止
2026-04-18 12:49:24,596 - src.utils.kingdee_sync_tool - INFO - 根据配置已跳过自动登出，仅停止心跳
2026-04-18 12:49:24,596 - src.utils.kingdee_sync_tool - INFO - 程序清理完成
2026-04-18 12:52:48,878 - src.utils.kingdee_sync_tool - INFO - 日志系统初始化完成
2026-04-18 12:52:48,879 - src.utils.kingdee_sync_tool - INFO - ============================================================
2026-04-18 12:52:48,879 - src.utils.kingdee_sync_tool - INFO - === 启动金蝶数据同步工具 (代码版本: v20260120_Fix_Login_Loop) ===
2026-04-18 12:52:48,883 - src.utils.kingdee_sync_tool - INFO - 所有依赖项检查通过
2026-04-18 12:52:48,934 - src.utils.kingdee_sync_tool - INFO - 应用程序样式设置完成
2026-04-18 12:52:49,004 - src.utils.kingdee_sync_tool - INFO - 配置文件加载完成
2026-04-18 12:52:51,993 - src.utils.kingdee_sync_tool - INFO - 主窗口已显示: isVisible=True, geometry=PySide6.QtCore.QRect(230, 75, 1460, 820)
2026-04-18 13:22:45,810 - src.utils.kingdee_sync_tool - INFO - 应用程序退出，退出码: 0
2026-04-18 13:22:45,814 - src.utils.kingdee_sync_tool - INFO - 数据库连接已关闭
2026-04-18 13:22:45,816 - src.core.kingdee_api - INFO - 会话心跳已停止
2026-04-18 13:22:45,817 - src.utils.kingdee_sync_tool - INFO - 根据配置已跳过自动登出，仅停止心跳
2026-04-18 13:22:45,818 - src.utils.kingdee_sync_tool - INFO - 程序清理完成
